&&&& RUNNING TensorRT.trtexec [TensorRT v100300] # /usr/src/tensorrt/bin/trtexec --onnx=yolov3u.onnx --saveEngine=yolov3u_fp16.engine --fp16 --memPoolSize=workspace:4096 --noDataTransfers --useCudaGraph
[07/16/2026-17:31:10] [I] === Model Options ===
[07/16/2026-17:31:10] [I] Format: ONNX
[07/16/2026-17:31:10] [I] Model: yolov3u.onnx
[07/16/2026-17:31:10] [I] Output:
[07/16/2026-17:31:10] [I] === Build Options ===
[07/16/2026-17:31:10] [I] Memory Pools: workspace: 4096 MiB, dlaSRAM: default, dlaLocalDRAM: default, dlaGlobalDRAM: default, tacticSharedMem: default
[07/16/2026-17:31:10] [I] avgTiming: 8
[07/16/2026-17:31:10] [I] Precision: FP32+FP16
[07/16/2026-17:31:10] [I] LayerPrecisions: 
[07/16/2026-17:31:10] [I] Layer Device Types: 
[07/16/2026-17:31:10] [I] Calibration: 
[07/16/2026-17:31:10] [I] Refit: Disabled
[07/16/2026-17:31:10] [I] Strip weights: Disabled
[07/16/2026-17:31:10] [I] Version Compatible: Disabled
[07/16/2026-17:31:10] [I] ONNX Plugin InstanceNorm: Disabled
[07/16/2026-17:31:10] [I] TensorRT runtime: full
[07/16/2026-17:31:10] [I] Lean DLL Path: 
[07/16/2026-17:31:10] [I] Tempfile Controls: { in_memory: allow, temporary: allow }
[07/16/2026-17:31:10] [I] Exclude Lean Runtime: Disabled
[07/16/2026-17:31:10] [I] Sparsity: Disabled
[07/16/2026-17:31:10] [I] Safe mode: Disabled
[07/16/2026-17:31:10] [I] Build DLA standalone loadable: Disabled
[07/16/2026-17:31:10] [I] Allow GPU fallback for DLA: Disabled
[07/16/2026-17:31:10] [I] DirectIO mode: Disabled
[07/16/2026-17:31:10] [I] Restricted mode: Disabled
[07/16/2026-17:31:10] [I] Skip inference: Disabled
[07/16/2026-17:31:10] [I] Save engine: yolov3u_fp16.engine
[07/16/2026-17:31:10] [I] Load engine: 
[07/16/2026-17:31:10] [I] Profiling verbosity: 0
[07/16/2026-17:31:10] [I] Tactic sources: Using default tactic sources
[07/16/2026-17:31:10] [I] timingCacheMode: local
[07/16/2026-17:31:10] [I] timingCacheFile: 
[07/16/2026-17:31:10] [I] Enable Compilation Cache: Enabled
[07/16/2026-17:31:10] [I] errorOnTimingCacheMiss: Disabled
[07/16/2026-17:31:10] [I] Preview Features: Use default preview flags.
[07/16/2026-17:31:10] [I] MaxAuxStreams: -1
[07/16/2026-17:31:10] [I] BuilderOptimizationLevel: -1
[07/16/2026-17:31:10] [I] Calibration Profile Index: 0
[07/16/2026-17:31:10] [I] Weight Streaming: Disabled
[07/16/2026-17:31:10] [I] Runtime Platform: Same As Build
[07/16/2026-17:31:10] [I] Debug Tensors: 
[07/16/2026-17:31:10] [I] Input(s)s format: fp32:CHW
[07/16/2026-17:31:10] [I] Output(s)s format: fp32:CHW
[07/16/2026-17:31:10] [I] Input build shapes: model
[07/16/2026-17:31:10] [I] Input calibration shapes: model
[07/16/2026-17:31:10] [I] === System Options ===
[07/16/2026-17:31:10] [I] Device: 0
[07/16/2026-17:31:10] [I] DLACore: 
[07/16/2026-17:31:10] [I] Plugins:
[07/16/2026-17:31:10] [I] setPluginsToSerialize:
[07/16/2026-17:31:10] [I] dynamicPlugins:
[07/16/2026-17:31:10] [I] ignoreParsedPluginLibs: 0
[07/16/2026-17:31:10] [I] 
[07/16/2026-17:31:10] [I] === Inference Options ===
[07/16/2026-17:31:10] [I] Batch: Explicit
[07/16/2026-17:31:10] [I] Input inference shapes: model
[07/16/2026-17:31:10] [I] Iterations: 10
[07/16/2026-17:31:10] [I] Duration: 3s (+ 200ms warm up)
[07/16/2026-17:31:10] [I] Sleep time: 0ms
[07/16/2026-17:31:10] [I] Idle time: 0ms
[07/16/2026-17:31:10] [I] Inference Streams: 1
[07/16/2026-17:31:10] [I] ExposeDMA: Disabled
[07/16/2026-17:31:10] [I] Data transfers: Disabled
[07/16/2026-17:31:10] [I] Spin-wait: Disabled
[07/16/2026-17:31:10] [I] Multithreading: Disabled
[07/16/2026-17:31:10] [I] CUDA Graph: Enabled
[07/16/2026-17:31:10] [I] Separate profiling: Disabled
[07/16/2026-17:31:10] [I] Time Deserialize: Disabled
[07/16/2026-17:31:10] [I] Time Refit: Disabled
[07/16/2026-17:31:10] [I] NVTX verbosity: 0
[07/16/2026-17:31:10] [I] Persistent Cache Ratio: 0
[07/16/2026-17:31:10] [I] Optimization Profile Index: 0
[07/16/2026-17:31:10] [I] Weight Streaming Budget: 100.000000%
[07/16/2026-17:31:10] [I] Inputs:
[07/16/2026-17:31:10] [I] Debug Tensor Save Destinations:
[07/16/2026-17:31:10] [I] === Reporting Options ===
[07/16/2026-17:31:10] [I] Verbose: Disabled
[07/16/2026-17:31:10] [I] Averages: 10 inferences
[07/16/2026-17:31:10] [I] Percentiles: 90,95,99
[07/16/2026-17:31:10] [I] Dump refittable layers:Disabled
[07/16/2026-17:31:10] [I] Dump output: Disabled
[07/16/2026-17:31:10] [I] Profile: Disabled
[07/16/2026-17:31:10] [I] Export timing to JSON file: 
[07/16/2026-17:31:10] [I] Export output to JSON file: 
[07/16/2026-17:31:10] [I] Export profile to JSON file: 
[07/16/2026-17:31:10] [I] 
[07/16/2026-17:31:10] [I] === Device Information ===
[07/16/2026-17:31:10] [I] Available Devices: 
[07/16/2026-17:31:10] [I]   Device 0: "Orin" UUID: GPU-af320701-4b53-5a42-b5fc-6d8a0a8139c2
[07/16/2026-17:31:10] [I] Selected Device: Orin
[07/16/2026-17:31:10] [I] Selected Device ID: 0
[07/16/2026-17:31:10] [I] Selected Device UUID: GPU-af320701-4b53-5a42-b5fc-6d8a0a8139c2
[07/16/2026-17:31:10] [I] Compute Capability: 8.7
[07/16/2026-17:31:10] [I] SMs: 8
[07/16/2026-17:31:10] [I] Device Global Memory: 7607 MiB
[07/16/2026-17:31:10] [I] Shared Memory per SM: 164 KiB
[07/16/2026-17:31:10] [I] Memory Bus Width: 128 bits (ECC disabled)
[07/16/2026-17:31:10] [I] Application Compute Clock Rate: 1.02 GHz
[07/16/2026-17:31:10] [I] Application Memory Clock Rate: 0.612 GHz
[07/16/2026-17:31:10] [I] 
[07/16/2026-17:31:10] [I] Note: The application clock rates do not reflect the actual clock rates that the GPU is currently running at.
[07/16/2026-17:31:10] [I] 
[07/16/2026-17:31:10] [I] TensorRT version: 10.3.0
[07/16/2026-17:31:10] [I] Loading standard plugins
[07/16/2026-17:31:10] [I] [TRT] [MemUsageChange] Init CUDA: CPU +2, GPU +0, now: CPU 31, GPU 2668 (MiB)
[07/16/2026-17:31:12] [I] [TRT] [MemUsageChange] Init builder kernel library: CPU +928, GPU +548, now: CPU 1002, GPU 3254 (MiB)
[07/16/2026-17:31:12] [I] Start parsing network model.
[07/16/2026-17:31:12] [I] [TRT] ----------------------------------------------------------------
[07/16/2026-17:31:12] [I] [TRT] Input filename:   yolov3u.onnx
[07/16/2026-17:31:12] [I] [TRT] ONNX IR version:  0.0.7
[07/16/2026-17:31:12] [I] [TRT] Opset version:    13
[07/16/2026-17:31:12] [I] [TRT] Producer name:    pytorch
[07/16/2026-17:31:12] [I] [TRT] Producer version: 2.12.0
[07/16/2026-17:31:12] [I] [TRT] Domain:           
[07/16/2026-17:31:12] [I] [TRT] Model version:    0
[07/16/2026-17:31:12] [I] [TRT] Doc string:       
[07/16/2026-17:31:12] [I] [TRT] ----------------------------------------------------------------
[07/16/2026-17:31:13] [I] Finished parsing network model. Parse time: 0.400333
[07/16/2026-17:31:13] [I] [TRT] Local timing cache in use. Profiling results in this builder pass will not be stored.
[07/16/2026-17:37:41] [I] [TRT] Detected 1 inputs and 1 output network tensors.
[07/16/2026-17:37:49] [I] [TRT] Total Host Persistent Memory: 543392
[07/16/2026-17:37:49] [I] [TRT] Total Device Persistent Memory: 0
[07/16/2026-17:37:49] [I] [TRT] Total Scratch Memory: 87040
[07/16/2026-17:37:49] [I] [TRT] [BlockAssignment] Started assigning block shifts. This will take 146 steps to complete.
[07/16/2026-17:37:49] [I] [TRT] [BlockAssignment] Algorithm ShiftNTopDown took 17.9566ms to assign 9 blocks to 146 nodes requiring 26248704 bytes.
[07/16/2026-17:37:49] [I] [TRT] Total Activation Memory: 26248704
[07/16/2026-17:37:49] [I] [TRT] Total Weights Memory: 207500208
[07/16/2026-17:37:49] [I] [TRT] Engine generation completed in 396.282 seconds.
[07/16/2026-17:37:49] [I] [TRT] [MemUsageStats] Peak memory usage of TRT CPU/GPU memory allocators: CPU 9 MiB, GPU 384 MiB
[07/16/2026-17:37:49] [I] [TRT] [MemUsageStats] Peak memory usage during Engine building and serialization: CPU: 2585 MiB
[07/16/2026-17:37:49] [I] Engine built in 396.615 sec.
[07/16/2026-17:37:49] [I] Created engine with size: 201.258 MiB
[07/16/2026-17:37:50] [I] [TRT] Loaded engine size: 201 MiB
[07/16/2026-17:37:50] [I] Engine deserialized in 0.204902 sec.
[07/16/2026-17:37:50] [I] [TRT] [MemUsageChange] TensorRT-managed allocation in IExecutionContext creation: CPU +0, GPU +25, now: CPU 0, GPU 222 (MiB)
[07/16/2026-17:37:50] [I] Setting persistentCacheLimit to 0 bytes.
[07/16/2026-17:37:50] [I] Created execution context with device memory size: 25.0327 MiB
[07/16/2026-17:37:50] [I] Using random values for input images
[07/16/2026-17:37:50] [I] Input binding for images with dimensions 1x3x416x416 is created.
[07/16/2026-17:37:50] [I] Output binding for output0 with dimensions 1x300x6 is created.
[07/16/2026-17:37:50] [I] Starting inference
[07/16/2026-17:37:50] [I] Capturing CUDA graph for the current execution context
[07/16/2026-17:37:50] [E] Error[1]: IExecutionContext::enqueueV3: Error Code 1: Cuda Runtime (operation not permitted when stream is capturing)
[07/16/2026-17:37:50] [W] The CUDA graph capture on the stream has failed.
[07/16/2026-17:37:50] [W] The built TensorRT engine contains operations that are not permitted under CUDA graph capture mode.
[07/16/2026-17:37:50] [W] The specified --useCudaGraph flag has been ignored. The inference will be launched without using CUDA graph launch.
[07/16/2026-17:37:50] [E] Error[1]: [defaultAllocator.cpp::deallocate::64] Error Code 1: Cuda Runtime (invalid argument)
[07/16/2026-17:37:50] [E] Error[1]: [defaultAllocator.cpp::deallocate::64] Error Code 1: Cuda Runtime (invalid argument)
[07/16/2026-17:37:53] [I] Warmup completed 6 queries over 200 ms
[07/16/2026-17:37:53] [I] Timing trace has 122 queries over 3.06352 s
[07/16/2026-17:37:53] [I] 
[07/16/2026-17:37:53] [I] === Trace details ===
[07/16/2026-17:37:53] [I] Trace averages of 10 runs:
[07/16/2026-17:37:53] [I] Average on 10 runs - GPU latency: 25.5615 ms - Host latency: 25.5615 ms (enqueue 25.5242 ms)
[07/16/2026-17:37:53] [I] Average on 10 runs - GPU latency: 25.589 ms - Host latency: 25.589 ms (enqueue 25.5458 ms)
[07/16/2026-17:37:53] [I] Average on 10 runs - GPU latency: 25.3222 ms - Host latency: 25.3222 ms (enqueue 25.3277 ms)
[07/16/2026-17:37:53] [I] Average on 10 runs - GPU latency: 24.9275 ms - Host latency: 24.9275 ms (enqueue 24.9134 ms)
[07/16/2026-17:37:53] [I] Average on 10 runs - GPU latency: 24.9511 ms - Host latency: 24.9511 ms (enqueue 24.9369 ms)
[07/16/2026-17:37:53] [I] Average on 10 runs - GPU latency: 24.9877 ms - Host latency: 24.9877 ms (enqueue 24.9734 ms)
[07/16/2026-17:37:53] [I] Average on 10 runs - GPU latency: 24.9468 ms - Host latency: 24.9468 ms (enqueue 24.9325 ms)
[07/16/2026-17:37:53] [I] Average on 10 runs - GPU latency: 24.9341 ms - Host latency: 24.9341 ms (enqueue 24.9199 ms)
[07/16/2026-17:37:53] [I] Average on 10 runs - GPU latency: 24.9514 ms - Host latency: 24.9514 ms (enqueue 24.9369 ms)
[07/16/2026-17:37:53] [I] Average on 10 runs - GPU latency: 24.9611 ms - Host latency: 24.9611 ms (enqueue 24.9468 ms)
[07/16/2026-17:37:53] [I] Average on 10 runs - GPU latency: 24.9563 ms - Host latency: 24.9563 ms (enqueue 24.9419 ms)
[07/16/2026-17:37:53] [I] Average on 10 runs - GPU latency: 24.9743 ms - Host latency: 24.9743 ms (enqueue 24.9601 ms)
[07/16/2026-17:37:53] [I] 
[07/16/2026-17:37:53] [I] === Performance summary ===
[07/16/2026-17:37:53] [I] Throughput: 39.8235 qps
[07/16/2026-17:37:53] [I] Latency: min = 24.812 ms, max = 25.6846 ms, mean = 25.0869 ms, median = 24.9791 ms, percentile(90%) = 25.5853 ms, percentile(95%) = 25.6215 ms, percentile(99%) = 25.6567 ms
[07/16/2026-17:37:53] [I] Enqueue Time: min = 24.7983 ms, max = 25.6452 ms, mean = 25.07 ms, median = 24.9662 ms, percentile(90%) = 25.5455 ms, percentile(95%) = 25.584 ms, percentile(99%) = 25.6406 ms
[07/16/2026-17:37:53] [I] H2D Latency: min = 0 ms, max = 0 ms, mean = 0 ms, median = 0 ms, percentile(90%) = 0 ms, percentile(95%) = 0 ms, percentile(99%) = 0 ms
[07/16/2026-17:37:53] [I] GPU Compute Time: min = 24.812 ms, max = 25.6846 ms, mean = 25.0869 ms, median = 24.9791 ms, percentile(90%) = 25.5853 ms, percentile(95%) = 25.6215 ms, percentile(99%) = 25.6567 ms
[07/16/2026-17:37:53] [I] D2H Latency: min = 0 ms, max = 0 ms, mean = 0 ms, median = 0 ms, percentile(90%) = 0 ms, percentile(95%) = 0 ms, percentile(99%) = 0 ms
[07/16/2026-17:37:53] [I] Total Host Walltime: 3.06352 s
[07/16/2026-17:37:53] [I] Total GPU Compute Time: 3.0606 s
[07/16/2026-17:37:53] [W] * Throughput may be bound by Enqueue Time rather than GPU Compute and the GPU may be under-utilized.
[07/16/2026-17:37:53] [W]   If not already in use, --useCudaGraph (utilize CUDA graphs where possible) may increase the throughput.
[07/16/2026-17:37:53] [W] * GPU compute time is unstable, with coefficient of variance = 1.03336%.
[07/16/2026-17:37:53] [W]   If not already in use, locking GPU clock frequency or adding --useSpinWait may improve the stability.
[07/16/2026-17:37:53] [I] Explanations of the performance metrics are printed in the verbose logs.
[07/16/2026-17:37:53] [I] 
&&&& PASSED TensorRT.trtexec [TensorRT v100300] # /usr/src/tensorrt/bin/trtexec --onnx=yolov3u.onnx --saveEngine=yolov3u_fp16.engine --fp16 --memPoolSize=workspace:4096 --noDataTransfers --useCudaGraph
