[17:50:22] START C1b, 9 runs (PACEV3=False PACE26=False)
[17:50:22] cooldown temp=60.3 wait 15s
[17:50:37] cooldown temp=60.1 wait 15s
[17:50:52] gate OK temp=59.9
[17:50:52] RUN 1/9 idlegate run1
[17:56:53] DONE idlegate run1: W=4.811 fps=30.00 infer_fps=0.00 temp 59.7->58.8
[17:56:53] gate OK temp=58.8
[17:56:53] RUN 2/9 idlegate run2
[18:02:54] DONE idlegate run2: W=4.798 fps=30.00 infer_fps=0.00 temp 58.8->58.7
[18:02:54] gate OK temp=58.6
[18:02:54] RUN 3/9 idlegate run3
[18:08:54] DONE idlegate run3: W=4.802 fps=30.00 infer_fps=0.00 temp 58.5->58.7
[18:08:54] gate OK temp=58.6
[18:08:54] RUN 4/9 active_trt_yolov3 run1
[18:14:56] DONE active_trt_yolov3 run1: W=8.505 fps=20.62 infer_fps=20.62 temp 62.0->64.8
[18:14:56] cooldown temp=64.4 wait 15s
[18:15:11] cooldown temp=63.5 wait 15s
[18:15:26] cooldown temp=63.0 wait 15s
[18:15:41] cooldown temp=62.4 wait 15s
[18:15:56] cooldown temp=61.9 wait 15s
[18:16:11] cooldown temp=61.4 wait 15s
[18:16:26] cooldown temp=60.9 wait 15s
[18:16:41] cooldown temp=60.9 wait 15s
[18:16:56] cooldown temp=60.5 wait 15s
[18:17:11] cooldown temp=60.4 wait 15s
[18:17:26] gate OK temp=60.0
[18:17:26] RUN 5/9 active_trt_yolov3 run2
[18:23:28] DONE active_trt_yolov3 run2: W=8.489 fps=20.47 infer_fps=20.47 temp 62.7->64.9
[18:23:28] cooldown temp=64.5 wait 15s
[18:23:43] cooldown temp=63.8 wait 15s
[18:23:58] cooldown temp=62.9 wait 15s
[18:24:13] cooldown temp=62.5 wait 15s
[18:24:28] cooldown temp=62.1 wait 15s
[18:24:43] cooldown temp=61.4 wait 15s
[18:24:58] cooldown temp=61.1 wait 15s
[18:25:13] cooldown temp=60.8 wait 15s
[18:25:28] cooldown temp=60.8 wait 15s
[18:25:43] cooldown temp=60.4 wait 15s
[18:25:58] cooldown temp=60.2 wait 15s
[18:26:13] gate OK temp=59.8
[18:26:13] RUN 6/9 active_trt_yolov3 run3
[18:32:15] DONE active_trt_yolov3 run3: W=8.499 fps=20.50 infer_fps=20.50 temp 62.6->65.4
[18:32:15] cooldown temp=65.0 wait 15s
[18:32:30] cooldown temp=64.2 wait 15s
[18:32:45] cooldown temp=63.6 wait 15s
[18:33:00] cooldown temp=62.8 wait 15s
[18:33:15] cooldown temp=62.4 wait 15s
[18:33:30] cooldown temp=61.8 wait 15s
[18:33:45] cooldown temp=61.6 wait 15s
[18:34:00] cooldown temp=61.3 wait 15s
[18:34:15] cooldown temp=61.0 wait 15s
[18:34:30] cooldown temp=60.9 wait 15s
[18:34:45] cooldown temp=60.6 wait 15s
[18:35:00] cooldown temp=60.4 wait 15s
[18:35:15] cooldown temp=60.4 wait 15s
[18:35:30] cooldown temp=60.1 wait 15s
[18:35:46] cooldown temp=60.0 wait 15s
[18:36:01] gate OK temp=59.8
[18:36:01] RUN 7/9 active_trt_yolo26s run1
[18:42:02] DONE active_trt_yolo26s run1: W=6.674 fps=26.69 infer_fps=26.69 temp 61.2->62.3
[18:42:02] cooldown temp=62.4 wait 15s
[18:42:17] cooldown temp=61.8 wait 15s
[18:42:32] cooldown temp=61.6 wait 15s
[18:42:47] cooldown temp=61.1 wait 15s
[18:43:02] cooldown temp=60.9 wait 15s
[18:43:17] cooldown temp=60.5 wait 15s
[18:43:32] cooldown temp=60.4 wait 15s
[18:43:47] cooldown temp=60.3 wait 15s
[18:44:02] gate OK temp=60.0
[18:44:02] RUN 8/9 active_trt_yolo26s run2
[18:50:04] DONE active_trt_yolo26s run2: W=6.676 fps=26.69 infer_fps=26.69 temp 61.3->62.6
[18:50:04] cooldown temp=62.7 wait 15s
[18:50:19] cooldown temp=62.1 wait 15s
[18:50:34] cooldown temp=61.7 wait 15s
[18:50:49] cooldown temp=61.2 wait 15s
[18:51:04] cooldown temp=61.0 wait 15s
[18:51:19] cooldown temp=60.7 wait 15s
[18:51:34] cooldown temp=60.4 wait 15s
[18:51:49] cooldown temp=60.1 wait 15s
[18:52:04] cooldown temp=60.2 wait 15s
[18:52:19] gate OK temp=59.9
[18:52:19] RUN 9/9 active_trt_yolo26s run3
[18:58:20] DONE active_trt_yolo26s run3: W=6.691 fps=26.80 infer_fps=26.80 temp 61.2->62.6
[18:58:20] ALL DONE
